/* eslint-disable */
// @ts-ignore
export * from './types';
/* eslint-disable */
// @ts-ignore

export type ApiResponse = {
  code?: number;
  type?: string;
  message?: string;
};

export type Category = {
  id?: number;
  name?: string;
};

export type Order = {
  id?: number;
  petId?: number;
  quantity?: number;
  shipDate?: string;
  /** Order Status */
  status?: 'placed' | 'approved' | 'delivered';
  complete?: boolean;
};

export type Pet = {
  id?: number;
  name: string;
  category?: Category;
  photoUrls: string[];
  tags?: Tag[];
  /** pet status in the store */
  status?: 'available' | 'pending' | 'sold';
};

export type petFindByStatusUsingGetParams = {
  /** Status values that need to be considered for filter */
  status?: 'available' | 'pending' | 'sold';
};

export type petFindByTagsUsingGetParams = {
  /** Tags to filter by */
  tags?: string[];
};

export type petPetIdUploadImageUsingPostParams = {
  /** ID of pet to update */
  petId: number;
  /** Additional Metadata */
  additionalMetadata?: string;
};

export type petPetIdUsingDeleteParams = {
  /** Pet id to delete */
  petId: number;
};

export type petPetIdUsingGetParams = {
  /** ID of pet to return */
  petId: number;
};

export type petPetIdUsingPostParams = {
  /** ID of pet that needs to be updated */
  petId: number;
  /** Name of pet that needs to be updated */
  name?: string;
  /** Status of pet that needs to be updated */
  status?: string;
};

export enum StatusEnum {
  'placed' = 'placed',
  'approved' = 'approved',
  'delivered' = 'delivered',
}

export type IStatusEnum = keyof typeof StatusEnum;

export enum StatusEnum2 {
  'available' = 'available',
  'pending' = 'pending',
  'sold' = 'sold',
}

export type IStatusEnum2 = keyof typeof StatusEnum2;

export type storeOrderOrderIdUsingDeleteParams = {
  /** ID of the order that needs to be deleted */
  orderId: number;
};

export type storeOrderOrderIdUsingGetParams = {
  /** ID of order that needs to be fetched */
  orderId: number;
};

export type Tag = {
  id?: number;
  name?: string;
};

export type User = {
  id?: number;
  username?: string;
  firstName?: string;
  lastName?: string;
  email?: string;
  password?: string;
  phone?: string;
  /** User Status */
  userStatus?: number;
};

export type userLoginUsingGetParams = {
  /** The user name for login */
  username?: string;
  /** The password for login in clear text */
  password?: string;
};

export type userUsernameUsingDeleteParams = {
  /** The name that needs to be deleted */
  username: string;
};

export type userUsernameUsingGetParams = {
  /** The name that needs to be fetched. Use user1 for testing.  */
  username: string;
};

export type userUsernameUsingPutParams = {
  /** name that needs to be updated */
  username: string;
};
