/* eslint-disable */
// @ts-ignore
export * from './types';

export * from './userZ';
export * from './sysA';
/* eslint-disable */
// @ts-ignore
import request from '../request';

import * as API from './types';

/** a1 GET /sys-a/a1 */
export async function sysAa1UsingGet({
  options,
}: {
  options?: { [key: string]: unknown };
}) {
  return request<string>('/sys-a/a1', {
    method: 'GET',
    ...(options || {}),
  });
}

/** a1/aa1 GET /sys-a/a1/aa1 */
export async function sysAa1Aa1UsingGet({
  options,
}: {
  options?: { [key: string]: unknown };
}) {
  return request<string>('/sys-a/a1/aa1', {
    method: 'GET',
    ...(options || {}),
  });
}

/** a1/a1/aa1 GET /sys-a/a1/aa1/aaa1 */
export async function sysAa1Aa1Aaa1UsingGet({
  options,
}: {
  options?: { [key: string]: unknown };
}) {
  return request<string>('/sys-a/a1/aa1/aaa1', {
    method: 'GET',
    ...(options || {}),
  });
}

/** a1/a1/aa1/aaa1 GET /sys-a/a1/aa1/aaa1/aaaa1 */
export async function sysAa1Aa1Aaa1Aaaa1UsingGet({
  options,
}: {
  options?: { [key: string]: unknown };
}) {
  return request<string>('/sys-a/a1/aa1/aaa1/aaaa1', {
    method: 'GET',
    ...(options || {}),
  });
}
/* eslint-disable */
// @ts-ignore
export {};
/* eslint-disable */
// @ts-ignore
import request from '../request';

import * as API from './types';

/** f1 ffff GET /user-z/z1 */
export async function userZz1UsingGet({
  options,
}: {
  options?: { [key: string]: unknown };
}) {
  return request<string>('/user-z/z1', {
    method: 'GET',
    ...(options || {}),
  });
}

/** z1/zz1 GET /user-z/z1/zz1 */
export async function userZz1Zz1UsingGet({
  options,
}: {
  options?: { [key: string]: unknown };
}) {
  return request<string>('/user-z/z1/zz1', {
    method: 'GET',
    ...(options || {}),
  });
}

/** z1/zz1/zzz1 GET /user-z/z1/zz1/zzz1 */
export async function userZz1Zz1Zzz1UsingGet({
  options,
}: {
  options?: { [key: string]: unknown };
}) {
  return request<string>('/user-z/z1/zz1/zzz1', {
    method: 'GET',
    ...(options || {}),
  });
}

/** z1/zz1/zzz1/zzzz1 GET /user-z/z1/zz1/zzz1/zzzz1 */
export async function userZz1Zz1Zzz1Zzzz1UsingGet({
  options,
}: {
  options?: { [key: string]: unknown };
}) {
  return request<string>('/user-z/z1/zz1/zzz1/zzzz1', {
    method: 'GET',
    ...(options || {}),
  });
}

/** z1/zz1/zzz1/zzzz1/zzzzz1 GET /user-z/z1/zz1/zzz1/zzzz1/zzzzz1 */
export async function userZz1Zz1Zzz1Zzzz1Zzzzz1UsingGet({
  options,
}: {
  options?: { [key: string]: unknown };
}) {
  return request<string>('/user-z/z1/zz1/zzz1/zzzz1/zzzzz1', {
    method: 'GET',
    ...(options || {}),
  });
}
